PS C:\Users\a2150336\Documents\casa_inteligente> git
usage: git [--version] [--help] [-C <path>] [-c <name>=<value>]
           [--exec-path[=<path>]] [--html-path] [--man-path] [--info-path]
           [-p | --paginate | -P | --no-pager] [--no-replace-objects] [--bare]
           [--git-dir=<path>] [--work-tree=<path>] [--namespace=<name>]
           [--super-prefix=<path>] [--config-env=<name>=<envvar>]
           <command> [<args>]

These are common Git commands used in various situations:

start a working area (see also: git help tutorial)
   clone     Clone a repository into a new directory
   init      Create an empty Git repository or reinitialize an existing one

work on the current change (see also: git help everyday)
   add       Add file contents to the index
   mv        Move or rename a file, a directory, or a symlink
   restore   Restore working tree files
   rm        Remove files from the working tree and from the index

examine the history and state (see also: git help revisions)
   bisect    Use binary search to find the commit that introduced a bug
   diff      Show changes between commits, commit and working tree, etc
   grep      Print lines matching a pattern
   log       Show commit logs
   show      Show various types of objects
   status    Show the working tree status

grow, mark and tweak your common history
   branch    List, create, or delete branches
   commit    Record changes to the repository
   merge     Join two or more development histories together
   rebase    Reapply commits on top of another base tip
   reset     Reset current HEAD to the specified state
   switch    Switch branches
   tag       Create, list, delete or verify a tag object signed with GPG

collaborate (see also: git help workflows)
   fetch     Download objects and refs from another repository
   pull      Fetch from and integrate with another repository or a local branch
   push      Update remote refs along with associated objects

'git help -a' and 'git help -g' list available subcommands and some
concept guides. See 'git help <command>' or 'git help <concept>'
to read about a specific subcommand or concept.
See 'git help git' for an overview of the system.
PS C:\Users\a2150336\Documents\casa_inteligente> git init
Initialized empty Git repository in C:/Users/a2150336/Documents/casa_inteligente/.git/
PS C:\Users\a2150336\Documents\casa_inteligente> echo "carlinho Bala"
carlinho Bala
PS C:\Users\a2150336\Documents\casa_inteligente> echo "carlinho Bala">>README.md
PS C:\Users\a2150336\Documents\casa_inteligente> dir


    Diretório: C:\Users\a2150336\Documents\casa_inteligente


Mode                 LastWriteTime         Length Name
----                 -------------         ------ ----
-a----        18/10/2022     14:21             32 README.md


PS C:\Users\a2150336\Documents\casa_inteligente> git status
On branch master

No commits yet

Untracked files:
  (use "git add <file>..." to include in what will be committed)
        README.md

nothing added to commit but untracked files present (use "git add" to track)
PS C:\Users\a2150336\Documents\casa_inteligente> git add README.md
PS C:\Users\a2150336\Documents\casa_inteligente> git commit -m "calos gostoso"
[master (root-commit) bb19aa8] calos gostoso
 Committer: Maria Eduarda Pedroso <a2150336@vmpdc.utfpr>
Your name and email address were configured automatically based
on your username and hostname. Please check that they are accurate.
You can suppress this message by setting them explicitly. Run the
following command and follow the instructions in your editor to edit
your configuration file:

    git config --global --edit

After doing this, you may fix the identity used for this commit with:

    git commit --amend --reset-author

 1 file changed, 0 insertions(+), 0 deletions(-)
 create mode 100644 README.md
PS C:\Users\a2150336\Documents\casa_inteligente> git remote add origin https://github.com/mariaeduardapedroso/mini_curso_git.git
PS C:\Users\a2150336\Documents\casa_inteligente> git push -u origin master
info: please complete authentication in your browser...
Enumerating objects: 3, done.
Counting objects: 100% (3/3), done.
Writing objects: 100% (3/3), 252 bytes | 252.00 KiB/s, done.
Total 3 (delta 0), reused 0 (delta 0), pack-reused 0
To https://github.com/mariaeduardapedroso/mini_curso_git.git
 * [new branch]      master -> master
Branch 'master' set up to track remote branch 'master' from 'origin'.
PS C:\Users\a2150336\Documents\casa_inteligente> dir


    Diretório: C:\Users\a2150336\Documents\casa_inteligente


Mode                 LastWriteTime         Length Name
----                 -------------         ------ ----
-a----        18/10/2022     14:37             84 madu.c
-a----        18/10/2022     14:21             32 README.md


PS C:\Users\a2150336\Documents\casa_inteligente> git add madu.c
PS C:\Users\a2150336\Documents\casa_inteligente> git commit -m "main linguagem c"
[master 884470f] main linguagem c
 Committer: Maria Eduarda Pedroso <a2150336@vmpdc.utfpr>
Your name and email address were configured automatically based
on your username and hostname. Please check that they are accurate.
You can suppress this message by setting them explicitly. Run the
following command and follow the instructions in your editor to edit
your configuration file:

    git config --global --edit

After doing this, you may fix the identity used for this commit with:

    git commit --amend --reset-author

 1 file changed, 7 insertions(+)
 create mode 100644 madu.c
PS C:\Users\a2150336\Documents\casa_inteligente> git push
Enumerating objects: 4, done.
Counting objects: 100% (4/4), done.
Delta compression using up to 12 threads
Compressing objects: 100% (3/3), done.
Writing objects: 100% (3/3), 363 bytes | 363.00 KiB/s, done.
Total 3 (delta 0), reused 0 (delta 0), pack-reused 0
To https://github.com/mariaeduardapedroso/mini_curso_git.git
   bb19aa8..884470f  master -> master
PS C:\Users\a2150336\Documents\casa_inteligente> git status
On branch master
Your branch is up to date with 'origin/master'.

nothing to commit, working tree clean
PS C:\Users\a2150336\Documents\casa_inteligente> git add.
git: 'add.' is not a git command. See 'git --help'.

The most similar command is
        add
PS C:\Users\a2150336\Documents\casa_inteligente> git add .
PS C:\Users\a2150336\Documents\casa_inteligente> git status
On branch master
Your branch is up to date with 'origin/master'.

Changes to be committed:
  (use "git restore --staged <file>..." to unstage)
        new file:   teste1.txt
        new file:   teste2.txt

PS C:\Users\a2150336\Documents\casa_inteligente> git commit -m "testes de arquivos"
[master 749e0ad] testes de arquivos
 Committer: Maria Eduarda Pedroso <a2150336@vmpdc.utfpr>
Your name and email address were configured automatically based
on your username and hostname. Please check that they are accurate.
You can suppress this message by setting them explicitly. Run the
following command and follow the instructions in your editor to edit
your configuration file:

    git config --global --edit

After doing this, you may fix the identity used for this commit with:

    git commit --amend --reset-author

 2 files changed, 2 insertions(+)
 create mode 100644 teste1.txt
 create mode 100644 teste2.txt
PS C:\Users\a2150336\Documents\casa_inteligente> git push
Enumerating objects: 5, done.
Counting objects: 100% (5/5), done.
Delta compression using up to 12 threads
Compressing objects: 100% (2/2), done.
Writing objects: 100% (4/4), 378 bytes | 378.00 KiB/s, done.
Total 4 (delta 0), reused 0 (delta 0), pack-reused 0
To https://github.com/mariaeduardapedroso/mini_curso_git.git
   884470f..749e0ad  master -> master
PS C:\Users\a2150336\Documents\casa_inteligente> git log
commit 749e0adbd9347d537e8e3c0e0c5eebd88664df76 (HEAD -> master, origin/master)
Author: Maria Eduarda Pedroso <a2150336@vmpdc.utfpr>
Date:   Tue Oct 18 14:41:53 2022 -0300

    testes de arquivos

commit 884470f6e1064416aadf69b1f7c5e2ce42b6f5f5
Author: Maria Eduarda Pedroso <a2150336@vmpdc.utfpr>
Date:   Tue Oct 18 14:38:13 2022 -0300

    main linguagem c

commit bb19aa8e209253c99015086010f744a3cd2fb102
Author: Maria Eduarda Pedroso <a2150336@vmpdc.utfpr>
Date:   Tue Oct 18 14:25:21 2022 -0300

    calos gostoso
PS C:\Users\a2150336\Documents\casa_inteligente> git fetch
remote: Enumerating objects: 4, done.
remote: Counting objects: 100% (4/4), done.
remote: Compressing objects: 100% (2/2), done.
remote: Total 3 (delta 1), reused 0 (delta 0), pack-reused 0
Unpacking objects: 100% (3/3), 657 bytes | 38.00 KiB/s, done.
From https://github.com/mariaeduardapedroso/mini_curso_git
   749e0ad..1b209c8  master     -> origin/master
PS C:\Users\a2150336\Documents\casa_inteligente> git status
On branch master
Your branch is behind 'origin/master' by 1 commit, and can be fast-forwarded.
  (use "git pull" to update your local branch)

nothing to commit, working tree clean
PS C:\Users\a2150336\Documents\casa_inteligente> git diff
PS C:\Users\a2150336\Documents\casa_inteligente> git pull
Updating 749e0ad..1b209c8
Fast-forward
 teste3.txt | 1 +
 1 file changed, 1 insertion(+)
 create mode 100644 teste3.txt
PS C:\Users\a2150336\Documents\casa_inteligente> .\madu.c
PS C:\Users\a2150336\Documents\casa_inteligente> gcc .\madu.c
PS C:\Users\a2150336\Documents\casa_inteligente> dir


    Diretório: C:\Users\a2150336\Documents\casa_inteligente


Mode                 LastWriteTime         Length Name
----                 -------------         ------ ----
-a----        18/10/2022     14:51         256592 a.exe
-a----        18/10/2022     14:37             84 madu.c
-a----        18/10/2022     14:21             32 README.md
-a----        18/10/2022     14:41             10 teste1.txt
-a----        18/10/2022     14:41             10 teste2.txt
-a----        18/10/2022     14:50              4 teste3.txt


PS C:\Users\a2150336\Documents\casa_inteligente> .\a.exe
Carlin bala gostoso
PS C:\Users\a2150336\Documents\casa_inteligente> git add .
PS C:\Users\a2150336\Documents\casa_inteligente> git commit -m "arquivo git para ignorar algo"
[master 4fa40f9] arquivo git para ignorar algo
 Committer: Maria Eduarda Pedroso <a2150336@vmpdc.utfpr>
Your name and email address were configured automatically based
on your username and hostname. Please check that they are accurate.
You can suppress this message by setting them explicitly. Run the
following command and follow the instructions in your editor to edit
your configuration file:

    git config --global --edit

After doing this, you may fix the identity used for this commit with:

    git commit --amend --reset-author

 1 file changed, 2 insertions(+)
 create mode 100644 .gitignore
PS C:\Users\a2150336\Documents\casa_inteligente> git status
On branch master
Your branch is ahead of 'origin/master' by 1 commit.
  (use "git push" to publish your local commits)

nothing to commit, working tree clean
PS C:\Users\a2150336\Documents\casa_inteligente> git push
Enumerating objects: 4, done.
Counting objects: 100% (4/4), done.
Delta compression using up to 12 threads
Compressing objects: 100% (2/2), done.
Writing objects: 100% (3/3), 318 bytes | 318.00 KiB/s, done.
Total 3 (delta 1), reused 0 (delta 0), pack-reused 0
remote: Resolving deltas: 100% (1/1), completed with 1 local object.
To https://github.com/mariaeduardapedroso/mini_curso_git.git
   1b209c8..4fa40f9  master -> master
PS C:\Users\a2150336\Documents\casa_inteligente> git branch
* master
PS C:\Users\a2150336\Documents\casa_inteligente> echo "criar nova branch"
criar nova branch
PS C:\Users\a2150336\Documents\casa_inteligente> git branch novas_cores
PS C:\Users\a2150336\Documents\casa_inteligente> git branch
* master
  novas_cores
PS C:\Users\a2150336\Documents\casa_inteligente> git checkout novas_cores
Switched to branch 'novas_cores'
PS C:\Users\a2150336\Documents\casa_inteligente> git branch
  master
* novas_cores
PS C:\Users\a2150336\Documents\casa_inteligente> echo "mudando a branch padrao"
mudando a branch padrao
PS C:\Users\a2150336\Documents\casa_inteligente> echo "para salvar na não padrao usamos push -u origin branch"
para salvar na não padrao usamos push -u origin branch
PS C:\Users\a2150336\Documents\casa_inteligente> git status
On branch novas_cores
Changes not staged for commit:
  (use "git add <file>..." to update what will be committed)
  (use "git restore <file>..." to discard changes in working directory)
        modified:   madu.c

no changes added to commit (use "git add" and/or "git commit -a")
PS C:\Users\a2150336\Documents\casa_inteligente> git add .\madu.c
PS C:\Users\a2150336\Documents\casa_inteligente> git status
On branch novas_cores
Changes to be committed:
  (use "git restore --staged <file>..." to unstage)
        modified:   madu.c

PS C:\Users\a2150336\Documents\casa_inteligente> git commit -m "mudando printf"
[novas_cores fea371c] mudando printf
 Committer: Maria Eduarda Pedroso <a2150336@vmpdc.utfpr>
Your name and email address were configured automatically based
on your username and hostname. Please check that they are accurate.
You can suppress this message by setting them explicitly. Run the
following command and follow the instructions in your editor to edit
your configuration file:

    git config --global --edit

After doing this, you may fix the identity used for this commit with:

    git commit --amend --reset-author

 1 file changed, 1 insertion(+), 1 deletion(-)
PS C:\Users\a2150336\Documents\casa_inteligente> git push -u origin master
Everything up-to-date
Branch 'master' set up to track remote branch 'master' from 'origin'.
PS C:\Users\a2150336\Documents\casa_inteligente> git add .\madu.c
PS C:\Users\a2150336\Documents\casa_inteligente> git commit -m "mudando printf"
[novas_cores 4eecf11] mudando printf
 Committer: Maria Eduarda Pedroso <a2150336@vmpdc.utfpr>
Your name and email address were configured automatically based
on your username and hostname. Please check that they are accurate.
You can suppress this message by setting them explicitly. Run the
following command and follow the instructions in your editor to edit
your configuration file:

    git config --global --edit

After doing this, you may fix the identity used for this commit with:

    git commit --amend --reset-author

 1 file changed, 1 insertion(+), 1 deletion(-)
PS C:\Users\a2150336\Documents\casa_inteligente> git branch
  master
* novas_cores
PS C:\Users\a2150336\Documents\casa_inteligente> git push
fatal: The current branch novas_cores has no upstream branch.
To push the current branch and set the remote as upstream, use

    git push --set-upstream origin novas_cores

PS C:\Users\a2150336\Documents\casa_inteligente> git push --set-upstream origin novas_cores
Enumerating objects: 8, done.
Counting objects: 100% (8/8), done.
Delta compression using up to 12 threads
Compressing objects: 100% (6/6), done.
Writing objects: 100% (6/6), 662 bytes | 662.00 KiB/s, done.
Total 6 (delta 2), reused 0 (delta 0), pack-reused 0
remote: Resolving deltas: 100% (2/2), completed with 1 local object.
remote:
remote: Create a pull request for 'novas_cores' on GitHub by visiting:
remote:      https://github.com/mariaeduardapedroso/mini_curso_git/pull/new/novas_cores
remote:
To https://github.com/mariaeduardapedroso/mini_curso_git.git
 * [new branch]      novas_cores -> novas_cores
Branch 'novas_cores' set up to track remote branch 'novas_cores' from 'origin'.
PS C:\Users\a2150336\Documents\casa_inteligente> git checout master
git: 'checout' is not a git command. See 'git --help'.

The most similar command is
        checkout
PS C:\Users\a2150336\Documents\casa_inteligente> git checkout master
Switched to branch 'master'
Your branch is up to date with 'origin/master'.
PS C:\Users\a2150336\Documents\casa_inteligente> git merge novas_cores
Updating 4fa40f9..4eecf11
Fast-forward
 madu.c | 2 +-
 1 file changed, 1 insertion(+), 1 deletion(-)
PS C:\Users\a2150336\Documents\casa_inteligente> git merge branch
merge: branch - not something we can merge
PS C:\Users\a2150336\Documents\casa_inteligente> git merge master
Already up to date.
PS C:\Users\a2150336\Documents\casa_inteligente> git status
On branch master
Your branch is ahead of 'origin/master' by 2 commits.
  (use "git push" to publish your local commits)

nothing to commit, working tree clean
PS C:\Users\a2150336\Documents\casa_inteligente> git push
Total 0 (delta 0), reused 0 (delta 0), pack-reused 0
To https://github.com/mariaeduardapedroso/mini_curso_git.git
   4fa40f9..4eecf11  master -> master
PS C:\Users\a2150336\Documents\casa_inteligente> git branch madu
PS C:\Users\a2150336\Documents\casa_inteligente> git branch
  madu
* master
  novas_cores
PS C:\Users\a2150336\Documents\casa_inteligente> git checkout madu
Switched to branch 'madu'
PS C:\Users\a2150336\Documents\casa_inteligente> git branch
* madu
  master
  novas_cores
PS C:\Users\a2150336\Documents\casa_inteligente> git add  .
PS C:\Users\a2150336\Documents\casa_inteligente> git commit -m "tentar"
[madu 35bdf86] tentar
 Committer: Maria Eduarda Pedroso <a2150336@vmpdc.utfpr>
Your name and email address were configured automatically based
on your username and hostname. Please check that they are accurate.
You can suppress this message by setting them explicitly. Run the
following command and follow the instructions in your editor to edit
your configuration file:

    git config --global --edit

After doing this, you may fix the identity used for this commit with:

    git commit --amend --reset-author

 1 file changed, 1 insertion(+), 1 deletion(-)
PS C:\Users\a2150336\Documents\casa_inteligente> git push
fatal: The current branch madu has no upstream branch.
To push the current branch and set the remote as upstream, use

    git push --set-upstream origin madu

PS C:\Users\a2150336\Documents\casa_inteligente> git push --set-upstream origin madu
Enumerating objects: 5, done.
Counting objects: 100% (5/5), done.
Delta compression using up to 12 threads
Compressing objects: 100% (3/3), done.
Writing objects: 100% (3/3), 328 bytes | 328.00 KiB/s, done.
Total 3 (delta 1), reused 0 (delta 0), pack-reused 0
remote: Resolving deltas: 100% (1/1), completed with 1 local object.
remote:
remote: Create a pull request for 'madu' on GitHub by visiting:
remote:      https://github.com/mariaeduardapedroso/mini_curso_git/pull/new/madu
remote:
To https://github.com/mariaeduardapedroso/mini_curso_git.git
 * [new branch]      madu -> madu
Branch 'madu' set up to track remote branch 'madu' from 'origin'.
PS C:\Users\a2150336\Documents\casa_inteligente> git checkout master
Switched to branch 'master'
Your branch is up to date with 'origin/master'.
PS C:\Users\a2150336\Documents\casa_inteligente> git branch
  madu
* master
  novas_cores
PS C:\Users\a2150336\Documents\casa_inteligente> git merge madu
Updating 4eecf11..35bdf86
Fast-forward
 madu.c | 2 +-
 1 file changed, 1 insertion(+), 1 deletion(-)
PS C:\Users\a2150336\Documents\casa_inteligente> git push
Total 0 (delta 0), reused 0 (delta 0), pack-reused 0
To https://github.com/mariaeduardapedroso/mini_curso_git.git
   4eecf11..35bdf86  master -> master
PS C:\Users\a2150336\Documents\casa_inteligente>